HA! I lied this is also a while test
more infinite loops for you - should break after one iteration though
0
Make sure not to compute the incomputable
YOU ARE BRAVE!
