This is call to function inside a trenary op test
May GOD have mercy on your soul
 >>> You should be expecting 'You survived' 3 times
This is the print you should be seeing =D
527284
You survived!
This is the print you should be seeing =D
699953
You survived!
This is the print you should be seeing =D
6600
This is the print you should be seeing =D
84563128
You survived!
Bye bitches
