You should be seeing 6 'Good's
Good
Good
Good
Good
Good
Good
You should be seeing 6 'Good's
