This is trenary op in loop in loop test
What is the drug dealer's favorite variable?
What is the drug dealer's favorite variable?
What is the drug dealer's favorite variable?
What is the drug dealer's favorite variable?
What is the drug dealer's favorite variable?
What is the drug dealer's favorite variable?
What is the drug dealer's favorite variable?
What is the drug dealer's favorite variable?
What is the drug dealer's favorite variable?
What is the drug dealer's favorite variable?
What is the drug dealer's favorite variable?
What is the drug dealer's favorite variable?
What is the drug dealer's favorite variable?
What is the drug dealer's favorite variable?
What is the drug dealer's favorite variable?
What is the drug dealer's favorite variable?
What is the drug dealer's favorite variable?
What is the drug dealer's favorite variable?
What is the drug dealer's favorite variable?
What is the drug dealer's favorite variable?
What is the drug dealer's favorite variable?
What is the drug dealer's favorite variable?
What is the drug dealer's favorite variable?
What is the drug dealer's favorite variable?
What is the drug dealer's favorite variable?
What is the drug dealer's favorite variable?
What is the drug dealer's favorite variable?
What is the drug dealer's favorite variable?
What is the drug dealer's favorite variable?
What is the drug dealer's favorite variable?
SUM
